2026-04-20 19:15:36,620 - RecoMartFeatures - INFO - ================================================================================
2026-04-20 19:15:36,624 - RecoMartFeatures - INFO - RecoMart Feature Engineering Pipeline - Session Started
2026-04-20 19:15:36,634 - RecoMartFeatures - INFO - Timestamp: 2026-04-20T19:15:36.634210
2026-04-20 19:15:36,635 - RecoMartFeatures - INFO - ================================================================================
2026-04-20 19:15:37,066 - py4j.clientserver - INFO - Received command c on object id p0
2026-04-20 19:15:37,547 - py4j.clientserver - INFO - Received command c on object id p0
2026-04-20 19:15:37,629 - py4j.clientserver - INFO - Received command c on object id p0
2026-04-20 19:15:37,731 - py4j.clientserver - INFO - Received command c on object id p0
2026-04-20 19:15:41,071 - py4j.clientserver - INFO - Received command c on object id p0
2026-04-20 19:15:42,656 - RecoMartFeatures - INFO - Clean data loaded successfully
2026-04-20 19:15:48,604 - py4j.clientserver - INFO - Received command c on object id p0
2026-04-20 19:17:40,669 - py4j.clientserver - INFO - Received command c on object id p0
2026-04-20 19:17:41,228 - RecoMartFeatures - INFO - ================================================================================
2026-04-20 19:17:41,229 - RecoMartFeatures - INFO - RecoMart Feature Engineering Pipeline - Session Started
2026-04-20 19:17:41,229 - RecoMartFeatures - INFO - Timestamp: 2026-04-20T19:17:41.229938
2026-04-20 19:17:41,230 - RecoMartFeatures - INFO - ================================================================================
2026-04-20 19:17:44,853 - py4j.clientserver - INFO - Received command c on object id p0
2026-04-20 19:17:46,130 - RecoMartFeatures - INFO - Clean data loaded successfully
2026-04-20 19:17:52,082 - py4j.clientserver - INFO - Received command c on object id p0
2026-04-20 19:17:58,343 - RecoMartFeatures - INFO - User features computed: 988 users, 24 features
2026-04-20 19:18:06,195 - py4j.clientserver - INFO - Received command c on object id p0
2026-04-20 19:18:10,510 - RecoMartFeatures - INFO - Item features computed: 452 items, 26 features
2026-04-20 19:18:15,928 - py4j.clientserver - INFO - Received command c on object id p0
2026-04-20 19:18:18,469 - RecoMartFeatures - INFO - User-item features computed: 4733 pairs, 17 features
2026-04-20 19:18:37,488 - py4j.clientserver - INFO - Received command c on object id p0
2026-04-20 19:18:42,850 - RecoMartFeatures - INFO - User features saved to recomart.features.user_features
2026-04-20 19:18:46,612 - RecoMartFeatures - INFO - Item features saved to recomart.features.item_features
2026-04-20 19:18:50,543 - RecoMartFeatures - INFO - User-item features saved to recomart.features.user_item_features
2026-04-20 19:18:50,827 - RecoMartFeatures - INFO - ================================================================================
2026-04-20 19:18:50,828 - RecoMartFeatures - INFO - Feature Engineering Pipeline - Session Completed
2026-04-20 19:18:50,829 - RecoMartFeatures - INFO - Total feature tables: 3
2026-04-20 19:18:50,830 - RecoMartFeatures - INFO - Total records: 6,173
2026-04-20 19:18:50,831 - RecoMartFeatures - INFO - ================================================================================
