2026-04-20 19:11:06,162 - RecoMartPreparation - INFO - ================================================================================
2026-04-20 19:11:06,175 - RecoMartPreparation - INFO - RecoMart Data Preparation Pipeline - Session Started
2026-04-20 19:11:06,181 - RecoMartPreparation - INFO - Timestamp: 2026-04-20T19:11:06.181802
2026-04-20 19:11:06,182 - RecoMartPreparation - INFO - ================================================================================
2026-04-20 19:11:06,769 - py4j.clientserver - INFO - Received command c on object id p0
2026-04-20 19:11:07,377 - py4j.clientserver - INFO - Received command c on object id p0
2026-04-20 19:11:07,503 - py4j.clientserver - INFO - Received command c on object id p0
2026-04-20 19:11:07,609 - py4j.clientserver - INFO - Received command c on object id p0
2026-04-20 19:11:07,803 - py4j.clientserver - INFO - Received command c on object id p0
2026-04-20 19:11:07,926 - py4j.clientserver - INFO - Received command c on object id p0
2026-04-20 19:11:39,931 - py4j.clientserver - INFO - Received command c on object id p0
2026-04-20 19:11:48,601 - RecoMartPreparation - INFO - Cleaned user interactions: 4750 records
2026-04-20 19:11:57,626 - py4j.clientserver - INFO - Received command c on object id p0
2026-04-20 19:12:05,158 - RecoMartPreparation - INFO - Cleaned transactions: 4704 records
2026-04-20 19:12:13,731 - py4j.clientserver - INFO - Received command c on object id p0
2026-04-20 19:12:19,244 - RecoMartPreparation - INFO - Cleaned products: 452 records
2026-04-20 19:12:23,566 - py4j.clientserver - INFO - Received command c on object id p0
2026-04-20 19:12:37,091 - py4j.clientserver - INFO - Received command c on object id p0
2026-04-20 19:12:38,742 - matplotlib.category - INFO - Using categorical units to plot a list of strings that are all parsable as floats or dates. If these strings should be plotted as numbers, cast to the appropriate data type before plotting.
2026-04-20 19:12:38,744 - matplotlib.category - INFO - Using categorical units to plot a list of strings that are all parsable as floats or dates. If these strings should be plotted as numbers, cast to the appropriate data type before plotting.
2026-04-20 19:12:46,535 - py4j.clientserver - INFO - Received command c on object id p0
2026-04-20 19:12:57,944 - py4j.clientserver - INFO - Received command c on object id p0
2026-04-20 19:13:00,475 - RecoMartPreparation - INFO - ================================================================================
2026-04-20 19:13:00,481 - RecoMartPreparation - INFO - Data Preparation Pipeline - Session Completed
2026-04-20 19:13:00,483 - RecoMartPreparation - INFO - ================================================================================
